../Core/Src/main.c:98:5:main	4
../Core/Src/main.c:180:6:OTA_Flag_Check	1
../Core/Src/main.c:189:6:HAL_UART_RxCpltCallback	5
../Core/Src/main.c:238:16:Flash_Erase_Data	2
../Core/Src/main.c:257:16:Flash_Write_Data	2
../Core/Src/main.c:273:6:JumpToApplication	1
../Core/Src/main.c:290:9:Bootloader_HeaderCheck	2
../Core/Src/main.c:311:16:ApplicationImage_Check	1
../Core/Src/main.c:342:6:SystemClock_Config	3
../Core/Src/main.c:384:13:MX_CRC_Init	2
../Core/Src/main.c:415:13:MX_USART3_UART_Init	2
../Core/Src/main.c:450:13:MX_GPIO_Init	1
../Core/Src/main.c:481:6:MPU_Config	1
../Core/Src/main.c:512:6:Error_Handler	1
