../Core/Src/main.c:98:5:main	16	static
../Core/Src/main.c:180:6:OTA_Flag_Check	4	static
../Core/Src/main.c:189:6:HAL_UART_RxCpltCallback	24	static
../Core/Src/main.c:238:16:Flash_Erase_Data	40	static
../Core/Src/main.c:257:16:Flash_Write_Data	24	static
../Core/Src/main.c:273:6:JumpToApplication	32	static,ignoring_inline_asm
../Core/Src/main.c:290:9:Bootloader_HeaderCheck	4	static
../Core/Src/main.c:311:16:ApplicationImage_Check	4	static
../Core/Src/main.c:342:6:SystemClock_Config	88	static
../Core/Src/main.c:384:13:MX_CRC_Init	8	static
../Core/Src/main.c:415:13:MX_USART3_UART_Init	8	static
../Core/Src/main.c:450:13:MX_GPIO_Init	32	static
../Core/Src/main.c:481:6:MPU_Config	24	static
../Core/Src/main.c:512:6:Error_Handler	4	static,ignoring_inline_asm
